1779080006997:helpo
1779080037678:help
1779080103324:stacktrace
1779080107120:heko
1779080109497:stacktrace
1779080111193:help
1779080122920:history
1779080133574:version
1779080226828:hello
1779080230303:heko
1779080233002:hello
1779080354515:clear
1779080364769:]hello
1779080368031:hello
1779080385948:helo
1779080388544:help
1779080403999:hello --name Aziz
1779080410209:hello Aziz
1779080424959:hello Aziz Aziz
1779080467714:hello Aziz
1779080488874:hello Aziz Nurullayev
1779080531997:hello --lastName Nurullayev --name Aziz
1779080551077:hello --l Nurullayev --name Aziz
1779080596080:hello -l Nurullayev --name Aziz
1779080857171:help
1779080860646:create
1779080882138:create -t Dars qilish -d bla bla
1779081009580:create -t "Dars qilish" -d "bla bla"
1779081040382:create -t Dars qilish -d bla bla
1779081731284:helo
1779081732860:help
1779081734558:create -t Dars qilish -d bla bla
1779081744481:create -t "Dars qilish" -d "bla bla"
1779081904680:help
1779081912562:create -t Dars qilish -d bla bla
1779081959650:create
1779081966383:create qwasads asddsadas
1779081992143:create todo desc
1779082009270:stacktrace
1779082276182:create asd dsa
1779082279140:help
1779082294693:login aziz 123
1779082302480:login aziz aziz
1779082306208:login admin 123
1779082313741:create uxlash uyda
1779082345562:login admin 123
1779082353439:create uxlash uyda
1779082357478:logout
1779082364791:create uxlash uyda
1779083067991:login admin 123
1779083072690:create asdas dasdas
1779083241340:create ada dasda
1779083245171:login admin 123
1779083273539:create asdsa dsa
1779083288985:delete c4887b37-e061-478b-982d-dcb91a5efc78
1779086904943:login -u sadas -p sasadsa
1779086921431:login admin 123
1779086924260:list
1779086932618:detele c4887b37-e061-478b-982d-dcb91a5efc78
1779086941970:del c4887b37-e061-478b-982d-dcb91a5efc78
1779086946212:lsit
1779086947449:list
1779086987782:login admin 123
1779086989358:list
1779087001928:cr test test
1779087005783:list
1779087076977:up 4cc33e09-4f0b-4c06-8d9c-b20a9d35a930 test2 test2
1779087089543:list
1779087359861:login admin 123
1779087362585:list
